[0m19:49:06.448665 [debug] [MainThread]: Sending event: {'category': 'dbt', 'action': 'invocation', 'label': 'start', 'context': [<snowplow_tracker.self_describing_json.SelfDescribingJson object at 0x10da70e30>, <snowplow_tracker.self_describing_json.SelfDescribingJson object at 0x111abfaa0>, <snowplow_tracker.self_describing_json.SelfDescribingJson object at 0x111abf830>]}


============================== 19:49:06.453415 | 1216b5ca-7e95-4426-be48-d31d60df592a ==============================
[0m19:49:06.453415 [info ] [MainThread]: Running with dbt=1.9.4
[0m19:49:06.454181 [debug] [MainThread]: running dbt with arguments {'printer_width': '80', 'indirect_selection': 'eager', 'write_json': 'True', 'log_cache_events': 'False', 'partial_parse': 'True', 'cache_selected_only': 'False', 'warn_error': 'None', 'debug': 'False', 'profiles_dir': '/Users/ralph/.dbt', 'log_path': '/Users/ralph/Documents/TREINAMENTOS/data_eng_dbt/transformations/data_eng_dbt/logs', 'fail_fast': 'False', 'version_check': 'True', 'use_colors': 'True', 'use_experimental_parser': 'False', 'no_print': 'None', 'quiet': 'False', 'empty': 'None', 'log_format': 'default', 'static_parser': 'True', 'warn_error_options': 'WarnErrorOptions(include=[], exclude=[])', 'introspect': 'True', 'target_path': 'None', 'invocation_command': 'dbt debug', 'send_anonymous_usage_stats': 'True'}
[0m19:49:06.466894 [info ] [MainThread]: dbt version: 1.9.4
[0m19:49:06.467530 [info ] [MainThread]: python version: 3.12.0
[0m19:49:06.468077 [info ] [MainThread]: python path: /Library/Frameworks/Python.framework/Versions/3.12/bin/python3.12
[0m19:49:06.468612 [info ] [MainThread]: os info: macOS-15.5-x86_64-i386-64bit
[0m19:49:07.373127 [info ] [MainThread]: Using profiles dir at /Users/ralph/.dbt
[0m19:49:07.373646 [info ] [MainThread]: Using profiles.yml file at /Users/ralph/.dbt/profiles.yml
[0m19:49:07.374083 [info ] [MainThread]: Using dbt_project.yml file at /Users/ralph/Documents/TREINAMENTOS/data_eng_dbt/transformations/data_eng_dbt/dbt_project.yml
[0m19:49:07.374524 [info ] [MainThread]: adapter type: bigquery
[0m19:49:07.374896 [info ] [MainThread]: adapter version: 1.9.1
[0m19:49:07.483876 [info ] [MainThread]: Configuration:
[0m19:49:07.484360 [info ] [MainThread]:   profiles.yml file [[32mOK found and valid[0m]
[0m19:49:07.484715 [info ] [MainThread]:   dbt_project.yml file [[32mOK found and valid[0m]
[0m19:49:07.485064 [info ] [MainThread]: Required dependencies:
[0m19:49:07.485483 [debug] [MainThread]: Executing "git --help"
[0m19:49:07.499785 [debug] [MainThread]: STDOUT: "b"usage: git [-v | --version] [-h | --help] [-C <path>] [-c <name>=<value>]\n           [--exec-path[=<path>]] [--html-path] [--man-path] [--info-path]\n           [-p | --paginate | -P | --no-pager] [--no-replace-objects] [--no-lazy-fetch]\n           [--no-optional-locks] [--no-advice] [--bare] [--git-dir=<path>]\n           [--work-tree=<path>] [--namespace=<name>] [--config-env=<name>=<envvar>]\n           <command> [<args>]\n\nThese are common Git commands used in various situations:\n\nstart a working area (see also: git help tutorial)\n   clone     Clone a repository into a new directory\n   init      Create an empty Git repository or reinitialize an existing one\n\nwork on the current change (see also: git help everyday)\n   add       Add file contents to the index\n   mv        Move or rename a file, a directory, or a symlink\n   restore   Restore working tree files\n   rm        Remove files from the working tree and from the index\n\nexamine the history and state (see also: git help revisions)\n   bisect    Use binary search to find the commit that introduced a bug\n   diff      Show changes between commits, commit and working tree, etc\n   grep      Print lines matching a pattern\n   log       Show commit logs\n   show      Show various types of objects\n   status    Show the working tree status\n\ngrow, mark and tweak your common history\n   branch    List, create, or delete branches\n   commit    Record changes to the repository\n   merge     Join two or more development histories together\n   rebase    Reapply commits on top of another base tip\n   reset     Reset current HEAD to the specified state\n   switch    Switch branches\n   tag       Create, list, delete or verify a tag object signed with GPG\n\ncollaborate (see also: git help workflows)\n   fetch     Download objects and refs from another repository\n   pull      Fetch from and integrate with another repository or a local branch\n   push      Update remote refs along with associated objects\n\n'git help -a' and 'git help -g' list available subcommands and some\nconcept guides. See 'git help <command>' or 'git help <concept>'\nto read about a specific subcommand or concept.\nSee 'git help git' for an overview of the system.\n""
[0m19:49:07.500885 [debug] [MainThread]: STDERR: "b''"
[0m19:49:07.501461 [info ] [MainThread]:  - git [[32mOK found[0m]

[0m19:49:07.502024 [info ] [MainThread]: Connection:
[0m19:49:07.502623 [info ] [MainThread]:   method: oauth
[0m19:49:07.503047 [info ] [MainThread]:   database: prj-ralph-tests
[0m19:49:07.503452 [info ] [MainThread]:   execution_project: prj-ralph-tests
[0m19:49:07.503849 [info ] [MainThread]:   schema: dataset_ralph_test
[0m19:49:07.504243 [info ] [MainThread]:   location: EU
[0m19:49:07.504643 [info ] [MainThread]:   priority: interactive
[0m19:49:07.505043 [info ] [MainThread]:   maximum_bytes_billed: None
[0m19:49:07.505440 [info ] [MainThread]:   impersonate_service_account: None
[0m19:49:07.505848 [info ] [MainThread]:   job_retry_deadline_seconds: None
[0m19:49:07.506250 [info ] [MainThread]:   job_retries: 1
[0m19:49:07.506646 [info ] [MainThread]:   job_creation_timeout_seconds: None
[0m19:49:07.507305 [info ] [MainThread]:   job_execution_timeout_seconds: 600
[0m19:49:07.507743 [info ] [MainThread]:   timeout_seconds: 600
[0m19:49:07.508145 [info ] [MainThread]:   client_id: None
[0m19:49:07.508540 [info ] [MainThread]:   token_uri: None
[0m19:49:07.508932 [info ] [MainThread]:   dataproc_region: None
[0m19:49:07.509333 [info ] [MainThread]:   dataproc_cluster_name: None
[0m19:49:07.509727 [info ] [MainThread]:   gcs_bucket: None
[0m19:49:07.510119 [info ] [MainThread]:   dataproc_batch: None
[0m19:49:07.510961 [info ] [MainThread]: Registered adapter: bigquery=1.9.1
[0m19:49:08.086264 [debug] [MainThread]: Acquiring new bigquery connection 'debug'
[0m19:49:08.086924 [debug] [MainThread]: On debug: select 1 as id
[0m19:49:08.087323 [debug] [MainThread]: Opening a new connection, currently in state init
[0m19:49:13.878253 [debug] [MainThread]: BigQuery adapter: https://console.cloud.google.com/bigquery?project=prj-ralph-tests&j=bq:EU:d9653cbb-eed2-4114-9514-75443ef229bb&page=queryresults
[0m19:49:14.389509 [info ] [MainThread]:   Connection test: [[32mOK connection ok[0m]

[0m19:49:14.390271 [info ] [MainThread]: [32mAll checks passed![0m
[0m19:49:14.395147 [debug] [MainThread]: Resource report: {"command_name": "debug", "command_success": true, "command_wall_clock_time": 8.015576, "process_in_blocks": "0", "process_kernel_time": 0.668678, "process_mem_max_rss": "189243392", "process_out_blocks": "0", "process_user_time": 3.013772}
[0m19:49:14.395894 [debug] [MainThread]: Command `dbt debug` succeeded at 19:49:14.395711 after 8.02 seconds
[0m19:49:14.396485 [debug] [MainThread]: Connection 'debug' was properly closed.
[0m19:49:14.397077 [debug] [MainThread]: Sending event: {'category': 'dbt', 'action': 'invocation', 'label': 'end', 'context': [<snowplow_tracker.self_describing_json.SelfDescribingJson object at 0x1118c0b30>, <snowplow_tracker.self_describing_json.SelfDescribingJson object at 0x128a9edb0>, <snowplow_tracker.self_describing_json.SelfDescribingJson object at 0x112426900>]}
[0m19:49:14.397741 [debug] [MainThread]: Flushing usage events
[0m19:49:15.072104 [debug] [MainThread]: An error was encountered while trying to flush usage events
[0m20:21:54.328530 [debug] [MainThread]: Sending event: {'category': 'dbt', 'action': 'invocation', 'label': 'start', 'context': [<snowplow_tracker.self_describing_json.SelfDescribingJson object at 0x114266630>, <snowplow_tracker.self_describing_json.SelfDescribingJson object at 0x113d62300>, <snowplow_tracker.self_describing_json.SelfDescribingJson object at 0x113d62780>]}


============================== 20:21:54.335396 | 8f658587-325e-4722-ae83-39c6ee402a04 ==============================
[0m20:21:54.335396 [info ] [MainThread]: Running with dbt=1.9.4
[0m20:21:54.336223 [debug] [MainThread]: running dbt with arguments {'printer_width': '80', 'indirect_selection': 'eager', 'log_cache_events': 'False', 'write_json': 'True', 'partial_parse': 'True', 'cache_selected_only': 'False', 'warn_error': 'None', 'fail_fast': 'False', 'version_check': 'True', 'log_path': '/Users/ralph/Documents/TREINAMENTOS/data_eng_dbt/transformations/data_eng_dbt/logs', 'debug': 'False', 'profiles_dir': '/Users/ralph/.dbt', 'use_colors': 'True', 'use_experimental_parser': 'False', 'empty': 'None', 'quiet': 'False', 'no_print': 'None', 'warn_error_options': 'WarnErrorOptions(include=[], exclude=[])', 'introspect': 'True', 'invocation_command': 'dbt docs generate', 'static_parser': 'True', 'target_path': 'None', 'log_format': 'default', 'send_anonymous_usage_stats': 'True'}
[0m20:21:56.305946 [debug] [MainThread]: Sending event: {'category': 'dbt', 'action': 'project_id', 'label': '8f658587-325e-4722-ae83-39c6ee402a04', 'context': [<snowplow_tracker.self_describing_json.SelfDescribingJson object at 0x114533e60>]}
[0m20:21:56.368390 [debug] [MainThread]: Sending event: {'category': 'dbt', 'action': 'adapter_info', 'label': '8f658587-325e-4722-ae83-39c6ee402a04', 'context': [<snowplow_tracker.self_describing_json.SelfDescribingJson object at 0x1148fd040>]}
[0m20:21:56.368977 [info ] [MainThread]: Registered adapter: bigquery=1.9.1
[0m20:21:56.555862 [debug] [MainThread]: checksum: b5597158181700c50f5bc1c71fe28b37a6fb85633dc5323885263678b6bc782c, vars: {}, profile: , target: , version: 1.9.4
[0m20:21:56.556852 [info ] [MainThread]: Unable to do partial parsing because saved manifest not found. Starting full parse.
[0m20:21:56.557325 [debug] [MainThread]: Sending event: {'category': 'dbt', 'action': 'partial_parser', 'label': '8f658587-325e-4722-ae83-39c6ee402a04', 'context': [<snowplow_tracker.self_describing_json.SelfDescribingJson object at 0x12bc8d0a0>]}
[0m20:21:57.889601 [warn ] [MainThread]: [[33mWARNING[0m]: Configuration paths exist in your dbt_project.yml file which do not apply to any resources.
There are 3 unused configuration paths:
- models.data_eng_dbt.intermediate
- models.data_eng_dbt.staging
- models.data_eng_dbt.mart
[0m20:21:57.894355 [debug] [MainThread]: Sending event: {'category': 'dbt', 'action': 'load_project', 'label': '8f658587-325e-4722-ae83-39c6ee402a04', 'context': [<snowplow_tracker.self_describing_json.SelfDescribingJson object at 0x12bc8c620>]}
[0m20:21:57.922873 [debug] [MainThread]: Sending event: {'category': 'dbt', 'action': 'resource_counts', 'label': '8f658587-325e-4722-ae83-39c6ee402a04', 'context': [<snowplow_tracker.self_describing_json.SelfDescribingJson object at 0x12c033860>]}
[0m20:21:57.923435 [info ] [MainThread]: Found 2 models, 4 data tests, 491 macros
[0m20:21:57.923950 [debug] [MainThread]: Sending event: {'category': 'dbt', 'action': 'runnable_timing', 'label': '8f658587-325e-4722-ae83-39c6ee402a04', 'context': [<snowplow_tracker.self_describing_json.SelfDescribingJson object at 0x12c166ea0>]}
[0m20:21:57.926151 [info ] [MainThread]: 
[0m20:21:57.926606 [info ] [MainThread]: Concurrency: 2 threads (target='dev')
[0m20:21:57.927007 [info ] [MainThread]: 
[0m20:21:57.927601 [debug] [MainThread]: Acquiring new bigquery connection 'master'
[0m20:21:57.932032 [debug] [ThreadPool]: Acquiring new bigquery connection 'list_prj-ralph-tests_dataset_ralph_test'
[0m20:21:57.932591 [debug] [ThreadPool]: Opening a new connection, currently in state init
[0m20:21:59.770389 [debug] [MainThread]: Sending event: {'category': 'dbt', 'action': 'runnable_timing', 'label': '8f658587-325e-4722-ae83-39c6ee402a04', 'context': [<snowplow_tracker.self_describing_json.SelfDescribingJson object at 0x12a091f40>]}
[0m20:21:59.771578 [debug] [MainThread]: Opening a new connection, currently in state init
[0m20:21:59.776640 [debug] [Thread-1 (]: Began running node model.data_eng_dbt.my_first_dbt_model
[0m20:21:59.777417 [debug] [Thread-1 (]: Re-using an available connection from the pool (formerly list_prj-ralph-tests_dataset_ralph_test, now model.data_eng_dbt.my_first_dbt_model)
[0m20:21:59.777998 [debug] [Thread-1 (]: Began compiling node model.data_eng_dbt.my_first_dbt_model
[0m20:21:59.789829 [debug] [Thread-1 (]: Writing injected SQL for node "model.data_eng_dbt.my_first_dbt_model"
[0m20:21:59.791215 [debug] [Thread-1 (]: Began executing node model.data_eng_dbt.my_first_dbt_model
[0m20:21:59.791801 [debug] [Thread-1 (]: Opening a new connection, currently in state closed
[0m20:21:59.792977 [debug] [Thread-1 (]: Finished running node model.data_eng_dbt.my_first_dbt_model
[0m20:21:59.793985 [debug] [Thread-2 (]: Began running node model.data_eng_dbt.my_second_dbt_model
[0m20:21:59.794636 [debug] [Thread-1 (]: Began running node test.data_eng_dbt.not_null_my_first_dbt_model_id.5fb22c2710
[0m20:21:59.795270 [debug] [Thread-2 (]: Acquiring new bigquery connection 'model.data_eng_dbt.my_second_dbt_model'
[0m20:21:59.795892 [debug] [Thread-1 (]: Re-using an available connection from the pool (formerly model.data_eng_dbt.my_first_dbt_model, now test.data_eng_dbt.not_null_my_first_dbt_model_id.5fb22c2710)
[0m20:21:59.796439 [debug] [Thread-2 (]: Began compiling node model.data_eng_dbt.my_second_dbt_model
[0m20:21:59.796953 [debug] [Thread-1 (]: Began compiling node test.data_eng_dbt.not_null_my_first_dbt_model_id.5fb22c2710
[0m20:21:59.800312 [debug] [Thread-2 (]: Writing injected SQL for node "model.data_eng_dbt.my_second_dbt_model"
[0m20:21:59.815392 [debug] [Thread-1 (]: Writing injected SQL for node "test.data_eng_dbt.not_null_my_first_dbt_model_id.5fb22c2710"
[0m20:21:59.816402 [debug] [Thread-2 (]: Began executing node model.data_eng_dbt.my_second_dbt_model
[0m20:21:59.816948 [debug] [Thread-2 (]: Opening a new connection, currently in state init
[0m20:21:59.817440 [debug] [Thread-1 (]: Began executing node test.data_eng_dbt.not_null_my_first_dbt_model_id.5fb22c2710
[0m20:21:59.818403 [debug] [Thread-2 (]: Finished running node model.data_eng_dbt.my_second_dbt_model
[0m20:21:59.818891 [debug] [Thread-1 (]: Opening a new connection, currently in state closed
[0m20:21:59.819396 [debug] [Thread-2 (]: Began running node test.data_eng_dbt.unique_my_first_dbt_model_id.16e066b321
[0m20:21:59.821940 [debug] [Thread-1 (]: Finished running node test.data_eng_dbt.not_null_my_first_dbt_model_id.5fb22c2710
[0m20:21:59.822451 [debug] [Thread-2 (]: Re-using an available connection from the pool (formerly model.data_eng_dbt.my_second_dbt_model, now test.data_eng_dbt.unique_my_first_dbt_model_id.16e066b321)
[0m20:21:59.822974 [debug] [Thread-1 (]: Began running node test.data_eng_dbt.not_null_my_second_dbt_model_id.151b76d778
[0m20:21:59.823495 [debug] [Thread-2 (]: Began compiling node test.data_eng_dbt.unique_my_first_dbt_model_id.16e066b321
[0m20:21:59.824006 [debug] [Thread-1 (]: Re-using an available connection from the pool (formerly test.data_eng_dbt.not_null_my_first_dbt_model_id.5fb22c2710, now test.data_eng_dbt.not_null_my_second_dbt_model_id.151b76d778)
[0m20:21:59.831131 [debug] [Thread-2 (]: Writing injected SQL for node "test.data_eng_dbt.unique_my_first_dbt_model_id.16e066b321"
[0m20:21:59.831605 [debug] [Thread-1 (]: Began compiling node test.data_eng_dbt.not_null_my_second_dbt_model_id.151b76d778
[0m20:21:59.835977 [debug] [Thread-1 (]: Writing injected SQL for node "test.data_eng_dbt.not_null_my_second_dbt_model_id.151b76d778"
[0m20:21:59.836663 [debug] [Thread-2 (]: Began executing node test.data_eng_dbt.unique_my_first_dbt_model_id.16e066b321
[0m20:21:59.837176 [debug] [Thread-2 (]: Opening a new connection, currently in state closed
[0m20:21:59.837646 [debug] [Thread-1 (]: Began executing node test.data_eng_dbt.not_null_my_second_dbt_model_id.151b76d778
[0m20:21:59.838551 [debug] [Thread-2 (]: Finished running node test.data_eng_dbt.unique_my_first_dbt_model_id.16e066b321
[0m20:21:59.839027 [debug] [Thread-1 (]: Opening a new connection, currently in state closed
[0m20:21:59.839536 [debug] [Thread-2 (]: Began running node test.data_eng_dbt.unique_my_second_dbt_model_id.57a0f8c493
[0m20:21:59.840527 [debug] [Thread-1 (]: Finished running node test.data_eng_dbt.not_null_my_second_dbt_model_id.151b76d778
[0m20:21:59.841011 [debug] [Thread-2 (]: Re-using an available connection from the pool (formerly test.data_eng_dbt.unique_my_first_dbt_model_id.16e066b321, now test.data_eng_dbt.unique_my_second_dbt_model_id.57a0f8c493)
[0m20:21:59.841598 [debug] [Thread-2 (]: Began compiling node test.data_eng_dbt.unique_my_second_dbt_model_id.57a0f8c493
[0m20:21:59.845558 [debug] [Thread-2 (]: Writing injected SQL for node "test.data_eng_dbt.unique_my_second_dbt_model_id.57a0f8c493"
[0m20:21:59.846204 [debug] [Thread-2 (]: Began executing node test.data_eng_dbt.unique_my_second_dbt_model_id.57a0f8c493
[0m20:21:59.846608 [debug] [Thread-2 (]: Opening a new connection, currently in state closed
[0m20:21:59.847412 [debug] [Thread-2 (]: Finished running node test.data_eng_dbt.unique_my_second_dbt_model_id.57a0f8c493
[0m20:21:59.848631 [debug] [MainThread]: Connection 'master' was properly closed.
[0m20:21:59.848968 [debug] [MainThread]: Connection 'test.data_eng_dbt.not_null_my_second_dbt_model_id.151b76d778' was properly closed.
[0m20:21:59.849265 [debug] [MainThread]: Connection 'test.data_eng_dbt.unique_my_second_dbt_model_id.57a0f8c493' was properly closed.
[0m20:21:59.850589 [debug] [MainThread]: Command end result
[0m20:21:59.923615 [debug] [MainThread]: Wrote artifact WritableManifest to /Users/ralph/Documents/TREINAMENTOS/data_eng_dbt/transformations/data_eng_dbt/target/manifest.json
[0m20:21:59.927814 [debug] [MainThread]: Wrote artifact SemanticManifest to /Users/ralph/Documents/TREINAMENTOS/data_eng_dbt/transformations/data_eng_dbt/target/semantic_manifest.json
[0m20:21:59.934379 [debug] [MainThread]: Wrote artifact RunExecutionResult to /Users/ralph/Documents/TREINAMENTOS/data_eng_dbt/transformations/data_eng_dbt/target/run_results.json
[0m20:21:59.937975 [debug] [MainThread]: Acquiring new bigquery connection 'generate_catalog'
[0m20:21:59.938425 [info ] [MainThread]: Building catalog
[0m20:21:59.943240 [debug] [ThreadPool]: Acquiring new bigquery connection 'prj-ralph-tests.information_schema'
[0m20:21:59.967152 [debug] [ThreadPool]: On prj-ralph-tests.information_schema: /* {"app": "dbt", "dbt_version": "1.9.4", "profile_name": "data_eng_dbt", "target_name": "dev", "connection_name": "prj-ralph-tests.information_schema"} */

    with
                table_shards_stage as (
    select
        tables.project_id as table_catalog,
        tables.dataset_id as table_schema,
        coalesce(REGEXP_EXTRACT(tables.table_id, '^(.+)[0-9]{8}$'), tables.table_id) as table_name,
        tables.table_id as shard_name,
        REGEXP_EXTRACT(tables.table_id, '^.+([0-9]{8})$') as shard_index,
        REGEXP_CONTAINS(tables.table_id, '^.+[0-9]{8}$') and tables.type = 1 as is_date_shard,
        case
            when materialized_views.table_name is not null then 'materialized view'
            when tables.type = 1 then 'table'
            when tables.type = 2 then 'view'
            else 'external'
        end as table_type,
        tables.type = 1 as is_table,
        JSON_VALUE(table_description.option_value) as table_comment,
        tables.size_bytes,
        tables.row_count
    from `prj-ralph-tests`.`dataset_ralph_test`.__TABLES__ tables
    left join `prj-ralph-tests`.`dataset_ralph_test`.INFORMATION_SCHEMA.MATERIALIZED_VIEWS materialized_views
        on materialized_views.table_catalog = tables.project_id
        and materialized_views.table_schema = tables.dataset_id
        and materialized_views.table_name = tables.table_id
    left join `prj-ralph-tests`.`dataset_ralph_test`.INFORMATION_SCHEMA.TABLE_OPTIONS table_description
        on table_description.table_catalog = tables.project_id
        and table_description.table_schema = tables.dataset_id
        and table_description.table_name = tables.table_id
        and table_description.option_name = 'description'
),
                table_shards as (
                    select * from table_shards_stage
                    where ((
                                upper(table_schema) = upper('dataset_ralph_test')
                            and upper(table_name) = upper('my_second_dbt_model')
                            ) or (
                                upper(table_schema) = upper('dataset_ralph_test')
                            and upper(table_name) = upper('my_first_dbt_model')
                            ))
                ),
                tables as (
    select distinct
        table_catalog,
        table_schema,
        table_name,
        is_date_shard,
        table_type,
        is_table,
        table_comment
    from table_shards
),
                table_stats as (
    select
        table_catalog,
        table_schema,
        table_name,
        max(shard_name) as latest_shard_name,
        min(shard_index) as shard_min,
        max(shard_index) as shard_max,
        count(shard_index) as shard_count,
        sum(size_bytes) as size_bytes,
        sum(row_count) as row_count
    from table_shards
    group by 1, 2, 3
),

                columns as (
    select
        columns.table_catalog,
        columns.table_schema,
        columns.table_name as shard_name,
        coalesce(paths.field_path, '<unknown>') as column_name,
        -- invent a row number to account for nested fields
        -- BQ does not treat these nested properties as independent fields
        row_number() over (
            partition by
                columns.table_catalog,
                columns.table_schema,
                columns.table_name
            order by
                columns.ordinal_position,
                paths.field_path
        ) as column_index,
        coalesce(paths.data_type, '<unknown>') as column_type,
        paths.description as column_comment,
        case when columns.is_partitioning_column = 'YES' then 1 else 0 end as is_partitioning_column,
        case when columns.is_partitioning_column = 'YES' then paths.field_path end as partition_column,
        case when columns.clustering_ordinal_position is not null then 1 else 0 end as is_clustering_column,
        case when columns.clustering_ordinal_position is not null then paths.field_path end as cluster_column,
        columns.clustering_ordinal_position
    from `prj-ralph-tests`.`dataset_ralph_test`.INFORMATION_SCHEMA.COLUMNS columns
    join `prj-ralph-tests`.`dataset_ralph_test`.INFORMATION_SCHEMA.COLUMN_FIELD_PATHS paths
        on paths.table_catalog = columns.table_catalog
        and paths.table_schema = columns.table_schema
        and paths.table_name = columns.table_name
        and paths.column_name = columns.column_name
    where columns.ordinal_position is not null
),
                column_stats as (
    select
        table_catalog,
        table_schema,
        shard_name,
        max(is_partitioning_column) = 1 as is_partitioned,
        max(partition_column) as partition_column,
        max(is_clustering_column) = 1 as is_clustered,
        array_to_string(
            array_agg(
                cluster_column ignore nulls
                order by clustering_ordinal_position
            ), ', '
        ) as clustering_columns
    from columns
    group by 1, 2, 3
)

            
    select
        tables.table_catalog as table_database,
        tables.table_schema,
        case
            when tables.is_date_shard then concat(tables.table_name, '*')
            else tables.table_name
        end as table_name,
        tables.table_type,
        tables.table_comment,
        -- coalesce column metadata fields to ensure they are non-null for catalog generation
        -- external table columns are not present in COLUMN_FIELD_PATHS
        coalesce(columns.column_name, '<unknown>') as column_name,
        coalesce(columns.column_index, 1) as column_index,
        coalesce(columns.column_type, '<unknown>') as column_type,
        coalesce(columns.column_comment, '') as column_comment,

        'Shard count' as `stats__date_shards__label`,
        table_stats.shard_count as `stats__date_shards__value`,
        'The number of date shards in this table' as `stats__date_shards__description`,
        tables.is_date_shard as `stats__date_shards__include`,

        'Shard (min)' as `stats__date_shard_min__label`,
        table_stats.shard_min as `stats__date_shard_min__value`,
        'The first date shard in this table' as `stats__date_shard_min__description`,
        tables.is_date_shard as `stats__date_shard_min__include`,

        'Shard (max)' as `stats__date_shard_max__label`,
        table_stats.shard_max as `stats__date_shard_max__value`,
        'The last date shard in this table' as `stats__date_shard_max__description`,
        tables.is_date_shard as `stats__date_shard_max__include`,

        '# Rows' as `stats__num_rows__label`,
        table_stats.row_count as `stats__num_rows__value`,
        'Approximate count of rows in this table' as `stats__num_rows__description`,
        tables.is_table as `stats__num_rows__include`,

        'Approximate Size' as `stats__num_bytes__label`,
        table_stats.size_bytes as `stats__num_bytes__value`,
        'Approximate size of table as reported by BigQuery' as `stats__num_bytes__description`,
        tables.is_table as `stats__num_bytes__include`,

        'Partitioned By' as `stats__partitioning_type__label`,
        column_stats.partition_column as `stats__partitioning_type__value`,
        'The partitioning column for this table' as `stats__partitioning_type__description`,
        column_stats.is_partitioned as `stats__partitioning_type__include`,

        'Clustered By' as `stats__clustering_fields__label`,
        column_stats.clustering_columns as `stats__clustering_fields__value`,
        'The clustering columns for this table' as `stats__clustering_fields__description`,
        column_stats.is_clustered as `stats__clustering_fields__include`

    from tables
    join table_stats
        on table_stats.table_catalog = tables.table_catalog
        and table_stats.table_schema = tables.table_schema
        and table_stats.table_name = tables.table_name
    left join column_stats
        on column_stats.table_catalog = tables.table_catalog
        and column_stats.table_schema = tables.table_schema
        and column_stats.shard_name = table_stats.latest_shard_name
    left join columns
        on columns.table_catalog = tables.table_catalog
        and columns.table_schema = tables.table_schema
        and columns.shard_name = table_stats.latest_shard_name

  
[0m20:21:59.968532 [debug] [ThreadPool]: Opening a new connection, currently in state init
[0m20:22:00.607042 [debug] [ThreadPool]: BigQuery adapter: https://console.cloud.google.com/bigquery?project=prj-ralph-tests&j=bq:EU:5ff52d23-b882-4c15-9ffe-afcc1fb0090b&page=queryresults
[0m20:22:00.608466 [error] [ThreadPool]: BigQuery adapter: https://console.cloud.google.com/bigquery?project=prj-ralph-tests&j=bq:EU:5ff52d23-b882-4c15-9ffe-afcc1fb0090b&page=queryresults
[0m20:22:00.609412 [debug] [ThreadPool]: BigQuery adapter: Unhandled error while running:
macro get_catalog_relations
[0m20:22:00.610073 [debug] [ThreadPool]: BigQuery adapter: Database Error
  Not found: Dataset prj-ralph-tests:dataset_ralph_test was not found in location EU
[0m20:22:00.612967 [warn ] [MainThread]: Encountered an error while generating catalog: Database Error
  Not found: Dataset prj-ralph-tests:dataset_ralph_test was not found in location EU
[0m20:22:00.613740 [debug] [MainThread]: Opening a new connection, currently in state init
[0m20:22:00.618227 [debug] [MainThread]: Wrote artifact CatalogArtifact to /Users/ralph/Documents/TREINAMENTOS/data_eng_dbt/transformations/data_eng_dbt/target/catalog.json
[0m20:22:00.647187 [debug] [MainThread]: Wrote artifact WritableManifest to /Users/ralph/Documents/TREINAMENTOS/data_eng_dbt/transformations/data_eng_dbt/target/manifest.json
[0m20:22:00.649347 [debug] [MainThread]: Wrote artifact SemanticManifest to /Users/ralph/Documents/TREINAMENTOS/data_eng_dbt/transformations/data_eng_dbt/target/semantic_manifest.json
[0m20:22:00.649842 [error] [MainThread]: dbt encountered 1 failure while writing the catalog
[0m20:22:00.650300 [info ] [MainThread]: Catalog written to /Users/ralph/Documents/TREINAMENTOS/data_eng_dbt/transformations/data_eng_dbt/target/catalog.json
[0m20:22:00.656560 [debug] [MainThread]: Resource report: {"command_name": "generate", "command_success": false, "command_wall_clock_time": 6.4096437, "process_in_blocks": "0", "process_kernel_time": 1.029675, "process_mem_max_rss": "202665984", "process_out_blocks": "0", "process_user_time": 5.119463}
[0m20:22:00.657441 [debug] [MainThread]: Command `dbt docs generate` failed at 20:22:00.657236 after 6.41 seconds
[0m20:22:00.658107 [debug] [MainThread]: Connection 'generate_catalog' was properly closed.
[0m20:22:00.658553 [debug] [MainThread]: Connection 'prj-ralph-tests.information_schema' was properly closed.
[0m20:22:00.659053 [debug] [MainThread]: Sending event: {'category': 'dbt', 'action': 'invocation', 'label': 'end', 'context': [<snowplow_tracker.self_describing_json.SelfDescribingJson object at 0x12c1558b0>, <snowplow_tracker.self_describing_json.SelfDescribingJson object at 0x1148c3ec0>, <snowplow_tracker.self_describing_json.SelfDescribingJson object at 0x1148c3fb0>]}
[0m20:22:00.659600 [debug] [MainThread]: Flushing usage events
[0m20:22:01.262952 [debug] [MainThread]: An error was encountered while trying to flush usage events
[0m20:25:07.088438 [debug] [MainThread]: Sending event: {'category': 'dbt', 'action': 'invocation', 'label': 'start', 'context': [<snowplow_tracker.self_describing_json.SelfDescribingJson object at 0x10cb41160>, <snowplow_tracker.self_describing_json.SelfDescribingJson object at 0x10d64bcb0>, <snowplow_tracker.self_describing_json.SelfDescribingJson object at 0x10d64ba40>]}


============================== 20:25:07.093275 | 0f459eea-cc03-4dba-978b-55da61ed5c47 ==============================
[0m20:25:07.093275 [info ] [MainThread]: Running with dbt=1.9.4
[0m20:25:07.094020 [debug] [MainThread]: running dbt with arguments {'printer_width': '80', 'indirect_selection': 'eager', 'log_cache_events': 'False', 'write_json': 'True', 'partial_parse': 'True', 'cache_selected_only': 'False', 'warn_error': 'None', 'debug': 'False', 'fail_fast': 'False', 'log_path': '/Users/ralph/Documents/TREINAMENTOS/data_eng_dbt/transformations/data_eng_dbt/logs', 'profiles_dir': '/Users/ralph/.dbt', 'version_check': 'True', 'use_colors': 'True', 'use_experimental_parser': 'False', 'no_print': 'None', 'quiet': 'False', 'empty': 'None', 'log_format': 'default', 'static_parser': 'True', 'invocation_command': 'dbt docs serve', 'introspect': 'True', 'target_path': 'None', 'warn_error_options': 'WarnErrorOptions(include=[], exclude=[])', 'send_anonymous_usage_stats': 'True'}
[0m20:25:08.124862 [debug] [MainThread]: Sending event: {'category': 'dbt', 'action': 'project_id', 'label': '0f459eea-cc03-4dba-978b-55da61ed5c47', 'context': [<snowplow_tracker.self_describing_json.SelfDescribingJson object at 0x12246a660>]}
[0m20:25:08.183211 [debug] [MainThread]: Sending event: {'category': 'dbt', 'action': 'adapter_info', 'label': '0f459eea-cc03-4dba-978b-55da61ed5c47', 'context': [<snowplow_tracker.self_describing_json.SelfDescribingJson object at 0x124a29880>]}
[0m20:45:02.778624 [error] [MainThread]: Encountered an error:

[0m20:45:02.787334 [error] [MainThread]: Traceback (most recent call last):
  File "/Library/Frameworks/Python.framework/Versions/3.12/lib/python3.12/site-packages/dbt/cli/requires.py", line 153, in wrapper
    result, success = func(*args, **kwargs)
                      ^^^^^^^^^^^^^^^^^^^^^
  File "/Library/Frameworks/Python.framework/Versions/3.12/lib/python3.12/site-packages/dbt/cli/requires.py", line 103, in wrapper
    return func(*args, **kwargs)
           ^^^^^^^^^^^^^^^^^^^^^
  File "/Library/Frameworks/Python.framework/Versions/3.12/lib/python3.12/site-packages/dbt/cli/requires.py", line 235, in wrapper
    return func(*args, **kwargs)
           ^^^^^^^^^^^^^^^^^^^^^
  File "/Library/Frameworks/Python.framework/Versions/3.12/lib/python3.12/site-packages/dbt/cli/requires.py", line 264, in wrapper
    return func(*args, **kwargs)
           ^^^^^^^^^^^^^^^^^^^^^
  File "/Library/Frameworks/Python.framework/Versions/3.12/lib/python3.12/site-packages/dbt/cli/requires.py", line 311, in wrapper
    return func(*args, **kwargs)
           ^^^^^^^^^^^^^^^^^^^^^
  File "/Library/Frameworks/Python.framework/Versions/3.12/lib/python3.12/site-packages/dbt/cli/main.py", line 301, in docs_serve
    results = task.run()
              ^^^^^^^^^^
  File "/Library/Frameworks/Python.framework/Versions/3.12/lib/python3.12/site-packages/dbt/task/docs/serve.py", line 29, in run
    httpd.serve_forever()
  File "/Library/Frameworks/Python.framework/Versions/3.12/lib/python3.12/socketserver.py", line 235, in serve_forever
    ready = selector.select(poll_interval)
            ^^^^^^^^^^^^^^^^^^^^^^^^^^^^^^
  File "/Library/Frameworks/Python.framework/Versions/3.12/lib/python3.12/selectors.py", line 415, in select
    fd_event_list = self._selector.poll(timeout)
                    ^^^^^^^^^^^^^^^^^^^^^^^^^^^^
KeyboardInterrupt

[0m20:45:02.793404 [debug] [MainThread]: Resource report: {"command_name": "serve", "command_success": false, "command_wall_clock_time": 1195.7548, "process_in_blocks": "0", "process_kernel_time": 0.634612, "process_mem_max_rss": "183197696", "process_out_blocks": "0", "process_user_time": 2.935027}
[0m20:45:02.794261 [debug] [MainThread]: Command `dbt docs serve` failed at 20:45:02.794093 after 1195.76 seconds
[0m20:45:02.794993 [debug] [MainThread]: Sending event: {'category': 'dbt', 'action': 'invocation', 'label': 'end', 'context': [<snowplow_tracker.self_describing_json.SelfDescribingJson object at 0x10caea7e0>, <snowplow_tracker.self_describing_json.SelfDescribingJson object at 0x10caea2d0>, <snowplow_tracker.self_describing_json.SelfDescribingJson object at 0x124a624e0>]}
[0m20:45:02.795614 [debug] [MainThread]: Flushing usage events
[0m20:45:03.435721 [debug] [MainThread]: An error was encountered while trying to flush usage events
